// Jest Snapshot v1, https://goo.gl/fbAQLP

exports[`Layout (supplied Layout) should match snapshot 1`] = `
<div
  className="page"
>
  <div
    id="skip-to-content"
  >
    <p>
      <a
        className="link--plain"
        href="#maincontent"
        title="Skip to main content"
      >
        Skip to main content
      </a>
    </p>
  </div>
  <noscript />
  <noscript />
  <noscript />
</div>
`;
